{"stats":{"minecraft:custom":{"minecraft:time_since_rest":164,"minecraft:play_time":164,"minecraft:time_since_death":164,"minecraft:total_world_time":168}},"DataVersion":2975}