{"stats":{"minecraft:custom":{"minecraft:time_since_rest":159,"minecraft:play_time":159,"minecraft:time_since_death":159,"minecraft:total_world_time":159}},"DataVersion":2975}