{"stats":{"minecraft:custom":{"minecraft:time_since_rest":128,"minecraft:leave_game":1,"minecraft:play_time":128,"minecraft:time_since_death":128,"minecraft:total_world_time":6627}},"DataVersion":2975}