{"stats":{"minecraft:custom":{"minecraft:time_since_rest":131,"minecraft:play_time":131,"minecraft:time_since_death":131,"minecraft:total_world_time":131}},"DataVersion":2975}