{"stats":{"minecraft:custom":{"minecraft:time_since_rest":68,"minecraft:leave_game":1,"minecraft:play_time":68,"minecraft:time_since_death":68,"minecraft:total_world_time":81}},"DataVersion":2975}