{"stats":{"minecraft:custom":{"minecraft:time_since_rest":137,"minecraft:play_time":137,"minecraft:time_since_death":137,"minecraft:total_world_time":150}},"DataVersion":2975}