{"stats":{"minecraft:custom":{"minecraft:time_since_rest":71,"minecraft:leave_game":1,"minecraft:play_time":71,"minecraft:time_since_death":71,"minecraft:total_world_time":83}},"DataVersion":2975}