{"stats":{"minecraft:custom":{"minecraft:time_since_rest":119,"minecraft:play_time":119,"minecraft:time_since_death":119,"minecraft:total_world_time":307}},"DataVersion":2975}