{"stats":{"minecraft:custom":{"minecraft:time_since_rest":358,"minecraft:play_time":358,"minecraft:time_since_death":358,"minecraft:total_world_time":419}},"DataVersion":2975}