{"stats":{"minecraft:custom":{"minecraft:time_since_rest":1784,"minecraft:leave_game":1,"minecraft:play_time":1784,"minecraft:time_since_death":1784,"minecraft:sneak_time":25,"minecraft:total_world_time":2534,"minecraft:fly_one_cm":537332}},"DataVersion":2975}