{"stats":{"minecraft:custom":{"minecraft:time_since_rest":124,"minecraft:play_time":124,"minecraft:time_since_death":124,"minecraft:total_world_time":170}},"DataVersion":2975}