{"stats":{"minecraft:custom":{"minecraft:time_since_rest":302,"minecraft:play_time":302,"minecraft:time_since_death":302,"minecraft:total_world_time":1659}},"DataVersion":2975}