{"stats":{"minecraft:custom":{"minecraft:time_since_rest":20335,"minecraft:play_time":20335,"minecraft:time_since_death":20335,"minecraft:total_world_time":20340}},"DataVersion":2975}