{"stats":{"minecraft:custom":{"minecraft:time_since_rest":83,"minecraft:leave_game":1,"minecraft:play_time":83,"minecraft:time_since_death":83,"minecraft:total_world_time":101}},"DataVersion":2975}