{"stats":{"minecraft:custom":{"minecraft:time_since_rest":84,"minecraft:play_time":84,"minecraft:time_since_death":84,"minecraft:total_world_time":180}},"DataVersion":2975}