{"stats":{"minecraft:custom":{"minecraft:time_since_rest":135,"minecraft:play_time":135,"minecraft:time_since_death":135,"minecraft:total_world_time":1646}},"DataVersion":2975}