{"stats":{"minecraft:custom":{"minecraft:time_since_rest":201,"minecraft:leave_game":1,"minecraft:play_time":201,"minecraft:time_since_death":201,"minecraft:total_world_time":406,"minecraft:fly_one_cm":7151}},"DataVersion":2975}