{"stats":{"minecraft:custom":{"minecraft:time_since_rest":695,"minecraft:leave_game":1,"minecraft:play_time":695,"minecraft:time_since_death":695,"minecraft:total_world_time":8572}},"DataVersion":2975}