{"stats":{"minecraft:custom":{"minecraft:time_since_rest":250,"minecraft:play_time":250,"minecraft:time_since_death":250,"minecraft:total_world_time":1175}},"DataVersion":2975}