{"stats":{"minecraft:custom":{"minecraft:time_since_rest":103,"minecraft:play_time":103,"minecraft:time_since_death":103,"minecraft:total_world_time":194}},"DataVersion":2975}