{"stats":{"minecraft:custom":{"minecraft:time_since_rest":136,"minecraft:leave_game":1,"minecraft:play_time":136,"minecraft:time_since_death":136,"minecraft:total_world_time":2482}},"DataVersion":2975}