{"stats":{"minecraft:custom":{"minecraft:time_since_rest":1323,"minecraft:leave_game":1,"minecraft:play_time":1323,"minecraft:time_since_death":1323,"minecraft:total_world_time":1466,"minecraft:fly_one_cm":252429}},"DataVersion":2975}