{"stats":{"minecraft:custom":{"minecraft:time_since_rest":233,"minecraft:play_time":233,"minecraft:time_since_death":233,"minecraft:total_world_time":687}},"DataVersion":2975}