{"stats":{"minecraft:custom":{"minecraft:time_since_rest":129,"minecraft:play_time":129,"minecraft:time_since_death":129,"minecraft:total_world_time":708}},"DataVersion":2975}