{"stats":{"minecraft:custom":{"minecraft:time_since_rest":735,"minecraft:play_time":735,"minecraft:time_since_death":735,"minecraft:total_world_time":4955,"minecraft:fly_one_cm":51469}},"DataVersion":2975}