{"stats":{"minecraft:custom":{"minecraft:time_since_rest":548,"minecraft:leave_game":1,"minecraft:play_time":548,"minecraft:time_since_death":548,"minecraft:total_world_time":619}},"DataVersion":2975}