{"stats":{"minecraft:custom":{"minecraft:time_since_rest":211,"minecraft:leave_game":1,"minecraft:play_time":211,"minecraft:time_since_death":211,"minecraft:total_world_time":498,"minecraft:fly_one_cm":10722}},"DataVersion":2975}