{"stats":{"minecraft:custom":{"minecraft:time_since_rest":116,"minecraft:play_time":116,"minecraft:time_since_death":116,"minecraft:total_world_time":361}},"DataVersion":2975}