{"stats":{"minecraft:custom":{"minecraft:time_since_rest":327,"minecraft:leave_game":1,"minecraft:play_time":327,"minecraft:time_since_death":327,"minecraft:total_world_time":421}},"DataVersion":2975}