{"stats":{"minecraft:custom":{"minecraft:time_since_rest":215,"minecraft:leave_game":1,"minecraft:play_time":215,"minecraft:time_since_death":215,"minecraft:total_world_time":525}},"DataVersion":2975}