{"stats":{"minecraft:custom":{"minecraft:time_since_rest":392,"minecraft:leave_game":2,"minecraft:play_time":392,"minecraft:time_since_death":392,"minecraft:total_world_time":709}},"DataVersion":2975}