{"stats":{"minecraft:custom":{"minecraft:jump":2,"minecraft:time_since_rest":950,"minecraft:leave_game":1,"minecraft:play_time":950,"minecraft:time_since_death":950,"minecraft:walk_one_cm":83,"minecraft:sneak_time":22,"minecraft:total_world_time":2003,"minecraft:fly_one_cm":4678}},"DataVersion":2975}