{"stats":{"minecraft:custom":{"minecraft:time_since_rest":70,"minecraft:leave_game":1,"minecraft:play_time":70,"minecraft:time_since_death":70,"minecraft:total_world_time":760}},"DataVersion":2975}