{"stats":{"minecraft:custom":{"minecraft:time_since_rest":165,"minecraft:play_time":165,"minecraft:time_since_death":165,"minecraft:total_world_time":165}},"DataVersion":2975}