{"stats":{"minecraft:custom":{"minecraft:time_since_rest":181,"minecraft:leave_game":1,"minecraft:play_time":181,"minecraft:time_since_death":181,"minecraft:total_world_time":202}},"DataVersion":2975}