{"stats":{"minecraft:custom":{"minecraft:time_since_rest":156,"minecraft:play_time":156,"minecraft:time_since_death":156,"minecraft:total_world_time":156}},"DataVersion":2975}