{"stats":{"minecraft:custom":{"minecraft:time_since_rest":72,"minecraft:leave_game":1,"minecraft:play_time":72,"minecraft:time_since_death":72,"minecraft:total_world_time":248}},"DataVersion":2975}