{"stats":{"minecraft:custom":{"minecraft:time_since_rest":82,"minecraft:play_time":82,"minecraft:time_since_death":82,"minecraft:total_world_time":94}},"DataVersion":2975}