{"stats":{"minecraft:custom":{"minecraft:time_since_rest":201,"minecraft:play_time":201,"minecraft:time_since_death":201,"minecraft:total_world_time":1509}},"DataVersion":2975}