{"stats":{"minecraft:custom":{"minecraft:time_since_rest":214,"minecraft:play_time":214,"minecraft:time_since_death":214,"minecraft:total_world_time":516}},"DataVersion":2975}