{"stats":{"minecraft:custom":{"minecraft:time_since_rest":429,"minecraft:leave_game":1,"minecraft:play_time":429,"minecraft:time_since_death":429,"minecraft:total_world_time":6810}},"DataVersion":2975}