{
  "minecraft:adventure/adventuring_time": {
    "criteria": {
      "minecraft:taiga": "2022-04-17 02:39:47 -0700"
    },
    "done": false
  },
  "DataVersion": 2975
}