{
  "minecraft:adventure/adventuring_time": {
    "criteria": {
      "minecraft:windswept_forest": "2022-04-17 02:00:58 -0700"
    },
    "done": false
  },
  "DataVersion": 2975
}