{
  "minecraft:adventure/adventuring_time": {
    "criteria": {
      "minecraft:taiga": "2022-04-17 00:11:57 -0700",
      "minecraft:windswept_forest": "2022-04-17 00:12:09 -0700"
    },
    "done": false
  },
  "DataVersion": 2975
}