{
  "minecraft:adventure/adventuring_time": {
    "criteria": {
      "minecraft:taiga": "2022-04-17 01:25:57 -0700",
      "minecraft:windswept_forest": "2022-04-17 01:26:05 -0700"
    },
    "done": false
  },
  "DataVersion": 2975
}